# serializer version: 1
# name: test_vroprep_classifier
  dict({
    'classifications': list([
      dict({
        'features': dict({
          'ampel_dist': 0.362695,
          'amplitude': 37.346039,
          'amplitude_error': 0.417103,
          'anderson_darling_normal_flux': 0.411695,
          'anderson_darling_normal_lsstg_flux': 0.552428,
          'anderson_darling_normal_lssti_flux': 0.27921599999999996,
          'anderson_darling_normal_lsstr_flux': 0.40344199999999997,
          'band_det_id': 4,
          'band_last_id': 8,
          'bool_fall': False,
          'bool_fastfall': None,
          'bool_fastrise': None,
          'bool_hasgaps': False,
          'bool_peaked': False,
          'bool_pure': False,
          'bool_rise': True,
          'chi2pdf': 0.0006439999999999999,
          'color': -0.030378,
          'color_error': 0.042558,
          'count': 21,
          'count_s2n_3': 21,
          'count_s2n_3_fall': 3,
          'count_s2n_3_post': 0,
          'count_s2n_3_pre': 0,
          'count_s2n_3_rise': 18,
          'count_s2n_5': 20,
          'dec': nan,
          'det_bands': 12,
          'eta_flux': 0.565429,
          'eta_lsstg_flux': 0.5937239999999999,
          'eta_lssti_flux': 0.435281,
          'eta_lsstr_flux': 0.667283,
          'excess_variance_flux': 0.07227499999999999,
          'excess_variance_lsstg_flux': 0.016992999999999998,
          'excess_variance_lssti_flux': 0.055518,
          'excess_variance_lsstr_flux': 0.144313,
          'fall_slope_lsstg': -14.014320999999999,
          'fall_slope_lssti': -6.85912,
          'fall_slope_lsstr': -93.831458,
          'fall_slopesig_lsstg': -0.605986,
          'fall_slopesig_lssti': -0.039043,
          'fall_slopesig_lsstr': -1.177706,
          'frac_pos': 1.0,
          'jd_det': 2460984.715176,
          'jd_last': 2461002.577183,
          'jd_min': 2460998.722662,
          'jd_peak_lsstg': 2460994.583784,
          'jd_peak_lssti': 2460999.61418,
          'jd_peak_lsstr': 2460998.723125,
          'jd_peak_lsstz': 2460988.749608,
          'kurtosis_flux': -1.32642,
          'kurtosis_lsstg_flux': -0.909716,
          'kurtosis_lssti_flux': -1.372152,
          'kurtosis_lsstr_flux': -1.697392,
          'last_bands': 14,
          'linear_fit_reduced_chi2_flux': 5.345916,
          'linear_fit_reduced_chi2_lsstg_flux': 6.294683,
          'linear_fit_reduced_chi2_lssti_flux': 1.028063,
          'linear_fit_reduced_chi2_lsstr_flux': 8.715003,
          'linear_fit_slope_flux': 50.588291999999996,
          'linear_fit_slope_lsstg_flux': 50.588291999999996,
          'lsstg-lsstr_last': 0.624912,
          'lsstr-lssti_det': 0.244367,
          'lsstr-lssti_last': -0.06023,
          'luminosity': -17.879614,
          'luminosity_error': 0.012126999999999999,
          'mag_det': 19.056124,
          'mag_last': 17.985557999999997,
          'mag_min': 17.925825,
          'model_chisq': 35.709267,
          'model_dof': 15,
          'ndet': 20,
          'parsnip_modelchidof': 2.3806179999999997,
          'parsnip_reference_time': 2460998.680617,
          'parsnip_scale': 6755.692383,
          'period_0_flux': 21.528786999999998,
          'period_0_lsstg_flux': 9.482425,
          'period_0_lssti_flux': 30.295593,
          'period_0_lsstr_flux': 24.808342999999997,
          'period_s_to_n_0_flux': 1.592344,
          'period_s_to_n_0_lsstg_flux': 1.3950069999999999,
          'period_s_to_n_0_lssti_flux': 1.8582489999999998,
          'period_s_to_n_0_lsstr_flux': 1.523776,
          'ra': nan,
          'redshift': 0.355189,
          'reference_time': 2461001.402674,
          'reference_time_error': 0.738888,
          'rise_slope_lsstg': 182.00493699999998,
          'rise_slope_lssti': 227.266997,
          'rise_slope_lsstr': 295.796783,
          'rise_slopesig_lsstg': 5.323865,
          'rise_slopesig_lssti': 7.689292999999999,
          'rise_slopesig_lsstr': 13.172751,
          's1': 0.5225719999999999,
          's1_error': 0.427762,
          's2': 1.169629,
          's2_error': 0.28759799999999996,
          's3': 0.047605999999999996,
          's3_error': 0.167643,
          'skew_flux': -0.726331,
          'skew_lsstg_flux': -1.032716,
          'skew_lssti_flux': -0.279118,
          'skew_lsstr_flux': -0.867157,
          'standard_deviation_flux': 459.666226,
          'standard_deviation_lsstg_flux': 459.666226,
          'stetson_K_flux': 0.890339,
          'stetson_K_lsstg_flux': 0.822176,
          'stetson_K_lssti_flux': 0.8918309999999999,
          'stetson_K_lsstr_flux': 0.957011,
          'success': True,
          't_lc': 17.862007,
          't_predetect': None,
          'tau_chidof_lsstg': 1.404019,
          'tau_chidof_lssti': 0.37803699999999996,
          'tau_chidof_lsstr': 0.000594,
          'tau_dof_lsstg': 6,
          'tau_dof_lssti': 8,
          'tau_dof_lsstr': 5,
          'tau_fall_lsstg': 0.44458,
          'tau_fall_lssti': 10.934713,
          'tau_fall_lsstr': 16.614431,
          'tau_rise_lsstg': 0.43440199999999995,
          'tau_rise_lssti': 5.5538929999999995,
          'tau_rise_lsstr': 4.662773,
          'time_halfpeak_lsstg': 11.853031,
          'time_halfpeak_lssti': 11.932136,
          'time_halfpeak_lsstr': 13.953648,
          'total_s2n': 96.201019,
          'type': 'Unknown',
        }),
        'name': 'elasticcv2',
        'parsnip': list([
          dict({
            'classification': dict({
              'CART': 0.00069,
              'ILOT': 0.00024599999999999996,
              'KN': 0.000163,
              'Mdwarf-flare': 0.00011499999999999999,
              'PISN': 0.06296399999999999,
              'SLSN-I': 0.050863,
              'SNII': 0.071604,
              'SNIa': 0.070925,
              'SNIa91bg': 0.000665,
              'SNIax': 0.034185,
              'SNibc': 0.7029559999999999,
              'TDE': 0.004294,
              'dwarf-nova': 0.000121,
              'uLens': 0.000208,
            }),
            'classifications': list([
              dict({
                'classification': dict({
                  'CART': 0.00069,
                  'ILOT': 0.00024599999999999996,
                  'KN': 0.000163,
                  'Mdwarf-flare': 0.00011499999999999999,
                  'PISN': 0.06296399999999999,
                  'SLSN-I': 0.050863,
                  'SNII': 0.071604,
                  'SNIa': 0.070925,
                  'SNIa91bg': 0.000665,
                  'SNIax': 0.034185,
                  'SNibc': 0.7029559999999999,
                  'TDE': 0.004294,
                  'dwarf-nova': 0.000121,
                  'uLens': 0.000208,
                }),
                'z': 0.355189,
              }),
            ]),
            'marginal_lc_classifications': dict({
              'CART': 0.00069,
              'ILOT': 0.00024599999999999996,
              'KN': 0.000163,
              'Mdwarf-flare': 0.00011499999999999999,
              'PISN': 0.06296399999999999,
              'SLSN-I': 0.050863,
              'SNII': 0.071604,
              'SNIa': 0.070925,
              'SNIa91bg': 0.000665,
              'SNIax': 0.034185,
              'SNibc': 0.7029559999999999,
              'TDE': 0.004294,
              'dwarf-nova': 0.000121,
              'uLens': 0.000208,
            }),
            'model': 'sn+2ulens+dwarfs',
            'plot': None,
            'prediction': dict({
              'amplitude': 37.346039,
              'amplitude_error': 0.417103,
              'chi2pdf': 0.0006439999999999999,
              'color': -0.030378,
              'color_error': 0.042558,
              'count': 21,
              'count_s2n_3': 21,
              'count_s2n_3_fall': 3,
              'count_s2n_3_post': 0,
              'count_s2n_3_pre': 0,
              'count_s2n_3_rise': 18,
              'count_s2n_5': 20,
              'dec': nan,
              'luminosity': -17.879614,
              'luminosity_error': 0.012126999999999999,
              'model_chisq': 35.709267,
              'model_dof': 15,
              'parsnip_reference_time': 2460998.680617,
              'parsnip_scale': 6755.692383,
              'ra': nan,
              'redshift': 0.355189,
              'reference_time': 2461001.402674,
              'reference_time_error': 0.738888,
              's1': 0.5225719999999999,
              's1_error': 0.427762,
              's2': 1.169629,
              's2_error': 0.28759799999999996,
              's3': 0.047605999999999996,
              's3_error': 0.167643,
              'total_s2n': 96.201019,
              'type': 'Unknown',
            }),
            'predictions': list([
              dict({
                'prediction': dict({
                  'amplitude': 37.346039,
                  'amplitude_error': 0.417103,
                  'chi2pdf': 0.0006439999999999999,
                  'color': -0.030378,
                  'color_error': 0.042558,
                  'count': 21,
                  'count_s2n_3': 21,
                  'count_s2n_3_fall': 3,
                  'count_s2n_3_post': 0,
                  'count_s2n_3_pre': 0,
                  'count_s2n_3_rise': 18,
                  'count_s2n_5': 20,
                  'dec': nan,
                  'luminosity': -17.879614,
                  'luminosity_error': 0.012126999999999999,
                  'model_chisq': 35.709267,
                  'model_dof': 15,
                  'parsnip_reference_time': 2460998.680617,
                  'parsnip_scale': 6755.692383,
                  'ra': nan,
                  'redshift': 0.355189,
                  'reference_time': 2461001.402674,
                  'reference_time_error': 0.738888,
                  's1': 0.5225719999999999,
                  's1_error': 0.427762,
                  's2': 1.169629,
                  's2_error': 0.28759799999999996,
                  's3': 0.047605999999999996,
                  's3_error': 0.167643,
                  'total_s2n': 96.201019,
                  'type': 'Unknown',
                }),
                'z': 0.355189,
              }),
            ]),
            'z_at_minchi': 0.355189,
          }),
        ]),
        'version': '0.1',
        'xgbbinary': dict({
        }),
        'xgbmulti': dict({
        }),
      }),
    ]),
    'fitdatainfo': dict({
      'jdend': inf,
      'jdstart': -inf,
      'z': list([
        0.355189,
      ]),
      'z_source': 'AMPELz_group3',
      'z_weights': None,
    }),
    'risedeclinefeatures': dict({
      'ampel_dist': 0.362695,
      'amplitude': 37.346039,
      'amplitude_error': 0.417103,
      'anderson_darling_normal_flux': 0.411695,
      'anderson_darling_normal_lsstg_flux': 0.552428,
      'anderson_darling_normal_lssti_flux': 0.27921599999999996,
      'anderson_darling_normal_lsstr_flux': 0.40344199999999997,
      'band_det_id': 4,
      'band_last_id': 8,
      'bool_fall': False,
      'bool_fastfall': None,
      'bool_fastrise': None,
      'bool_hasgaps': False,
      'bool_peaked': False,
      'bool_pure': False,
      'bool_rise': True,
      'chi2pdf': 0.0006439999999999999,
      'color': -0.030378,
      'color_error': 0.042558,
      'count': 21,
      'count_s2n_3': 21,
      'count_s2n_3_fall': 3,
      'count_s2n_3_post': 0,
      'count_s2n_3_pre': 0,
      'count_s2n_3_rise': 18,
      'count_s2n_5': 20,
      'dec': nan,
      'det_bands': 12,
      'eta_flux': 0.565429,
      'eta_lsstg_flux': 0.5937239999999999,
      'eta_lssti_flux': 0.435281,
      'eta_lsstr_flux': 0.667283,
      'excess_variance_flux': 0.07227499999999999,
      'excess_variance_lsstg_flux': 0.016992999999999998,
      'excess_variance_lssti_flux': 0.055518,
      'excess_variance_lsstr_flux': 0.144313,
      'fall_slope_lsstg': -14.014320999999999,
      'fall_slope_lssti': -6.85912,
      'fall_slope_lsstr': -93.831458,
      'fall_slopesig_lsstg': -0.605986,
      'fall_slopesig_lssti': -0.039043,
      'fall_slopesig_lsstr': -1.177706,
      'frac_pos': 1.0,
      'jd_det': 2460984.715176,
      'jd_last': 2461002.577183,
      'jd_min': 2460998.722662,
      'jd_peak_lsstg': 2460994.583784,
      'jd_peak_lssti': 2460999.61418,
      'jd_peak_lsstr': 2460998.723125,
      'jd_peak_lsstz': 2460988.749608,
      'kurtosis_flux': -1.32642,
      'kurtosis_lsstg_flux': -0.909716,
      'kurtosis_lssti_flux': -1.372152,
      'kurtosis_lsstr_flux': -1.697392,
      'last_bands': 14,
      'linear_fit_reduced_chi2_flux': 5.345916,
      'linear_fit_reduced_chi2_lsstg_flux': 6.294683,
      'linear_fit_reduced_chi2_lssti_flux': 1.028063,
      'linear_fit_reduced_chi2_lsstr_flux': 8.715003,
      'linear_fit_slope_flux': 50.588291999999996,
      'linear_fit_slope_lsstg_flux': 50.588291999999996,
      'lsstg-lsstr_last': 0.624912,
      'lsstr-lssti_det': 0.244367,
      'lsstr-lssti_last': -0.06023,
      'luminosity': -17.879614,
      'luminosity_error': 0.012126999999999999,
      'mag_det': 19.056124,
      'mag_last': 17.985557999999997,
      'mag_min': 17.925825,
      'model_chisq': 35.709267,
      'model_dof': 15,
      'ndet': 20,
      'parsnip_modelchidof': 2.3806179999999997,
      'parsnip_reference_time': 2460998.680617,
      'parsnip_scale': 6755.692383,
      'period_0_flux': 21.528786999999998,
      'period_0_lsstg_flux': 9.482425,
      'period_0_lssti_flux': 30.295593,
      'period_0_lsstr_flux': 24.808342999999997,
      'period_s_to_n_0_flux': 1.592344,
      'period_s_to_n_0_lsstg_flux': 1.3950069999999999,
      'period_s_to_n_0_lssti_flux': 1.8582489999999998,
      'period_s_to_n_0_lsstr_flux': 1.523776,
      'ra': nan,
      'redshift': 0.355189,
      'reference_time': 2461001.402674,
      'reference_time_error': 0.738888,
      'rise_slope_lsstg': 182.00493699999998,
      'rise_slope_lssti': 227.266997,
      'rise_slope_lsstr': 295.796783,
      'rise_slopesig_lsstg': 5.323865,
      'rise_slopesig_lssti': 7.689292999999999,
      'rise_slopesig_lsstr': 13.172751,
      's1': 0.5225719999999999,
      's1_error': 0.427762,
      's2': 1.169629,
      's2_error': 0.28759799999999996,
      's3': 0.047605999999999996,
      's3_error': 0.167643,
      'skew_flux': -0.726331,
      'skew_lsstg_flux': -1.032716,
      'skew_lssti_flux': -0.279118,
      'skew_lsstr_flux': -0.867157,
      'standard_deviation_flux': 459.666226,
      'standard_deviation_lsstg_flux': 459.666226,
      'stetson_K_flux': 0.890339,
      'stetson_K_lsstg_flux': 0.822176,
      'stetson_K_lssti_flux': 0.8918309999999999,
      'stetson_K_lsstr_flux': 0.957011,
      'success': True,
      't_lc': 17.862007,
      't_predetect': None,
      'tau_chidof_lsstg': 1.404019,
      'tau_chidof_lssti': 0.37803699999999996,
      'tau_chidof_lsstr': 0.000594,
      'tau_dof_lsstg': 6,
      'tau_dof_lssti': 8,
      'tau_dof_lsstr': 5,
      'tau_fall_lsstg': 0.44458,
      'tau_fall_lssti': 10.934713,
      'tau_fall_lsstr': 16.614431,
      'tau_rise_lsstg': 0.43440199999999995,
      'tau_rise_lssti': 5.5538929999999995,
      'tau_rise_lsstr': 4.662773,
      'time_halfpeak_lsstg': 11.853031,
      'time_halfpeak_lssti': 11.932136,
      'time_halfpeak_lsstr': 13.953648,
      'total_s2n': 96.201019,
      'type': 'Unknown',
    }),
  })
# ---
