# serializer version: 1
# name: test_vroprep_classifier
  dict({
    'classifications': list([
      dict({
        'features': dict({
          'ampel_dist': 0.3627,
          'amplitude': 37.346000000000004,
          'amplitude_error': 0.4171,
          'anderson_darling_normal_flux': 0.4117,
          'anderson_darling_normal_lsstg_flux': 0.5524,
          'anderson_darling_normal_lssti_flux': 0.2792,
          'anderson_darling_normal_lsstr_flux': 0.40340000000000004,
          'band_det_id': 4,
          'band_last_id': 8,
          'bool_fall': False,
          'bool_fastfall': None,
          'bool_fastrise': None,
          'bool_hasgaps': False,
          'bool_peaked': False,
          'bool_pure': False,
          'bool_rise': True,
          'chi2pdf': 0.0006000000000000001,
          'color': -0.0304,
          'color_error': 0.0426,
          'count': 21,
          'count_s2n_3': 21,
          'count_s2n_3_fall': 3,
          'count_s2n_3_post': 0,
          'count_s2n_3_pre': 0,
          'count_s2n_3_rise': 18,
          'count_s2n_5': 20,
          'dec': nan,
          'det_bands': 12,
          'eta_flux': 0.5654,
          'eta_lsstg_flux': 0.5937,
          'eta_lssti_flux': 0.4353,
          'eta_lsstr_flux': 0.6673,
          'excess_variance_flux': 0.0723,
          'excess_variance_lsstg_flux': 0.017,
          'excess_variance_lssti_flux': 0.0555,
          'excess_variance_lsstr_flux': 0.1443,
          'fall_slope_lsstg': -14.0143,
          'fall_slope_lssti': -6.859100000000001,
          'fall_slope_lsstr': -93.8315,
          'fall_slopesig_lsstg': -0.606,
          'fall_slopesig_lssti': -0.039,
          'fall_slopesig_lsstr': -1.1777,
          'frac_pos': 1.0,
          'jd_det': 2460984.7152,
          'jd_last': 2461002.5772,
          'jd_min': 2460998.7227000003,
          'jd_peak_lsstg': 2460994.5838,
          'jd_peak_lssti': 2460999.6142,
          'jd_peak_lsstr': 2460998.7231,
          'jd_peak_lsstz': 2460988.7496,
          'kurtosis_flux': -1.3264,
          'kurtosis_lsstg_flux': -0.9097000000000001,
          'kurtosis_lssti_flux': -1.3722,
          'kurtosis_lsstr_flux': -1.6974,
          'last_bands': 14,
          'linear_fit_reduced_chi2_flux': 5.3459,
          'linear_fit_reduced_chi2_lsstg_flux': 6.294700000000001,
          'linear_fit_reduced_chi2_lssti_flux': 1.0281,
          'linear_fit_reduced_chi2_lsstr_flux': 8.715,
          'linear_fit_slope_flux': 50.588300000000004,
          'linear_fit_slope_lsstg_flux': 50.588300000000004,
          'lsstg-lsstr_last': 0.6249,
          'lsstr-lssti_det': 0.2444,
          'lsstr-lssti_last': -0.060200000000000004,
          'luminosity': -17.8796,
          'luminosity_error': 0.012100000000000001,
          'mag_det': 19.0561,
          'mag_last': 17.9856,
          'mag_min': 17.925800000000002,
          'model_chisq': 35.7093,
          'model_dof': 15,
          'ndet': 20,
          'parsnip_modelchidof': 2.3806000000000003,
          'parsnip_reference_time': 2460998.6806,
          'parsnip_scale': 6755.6924,
          'period_0_flux': 21.5288,
          'period_0_lsstg_flux': 9.4824,
          'period_0_lssti_flux': 30.2956,
          'period_0_lsstr_flux': 24.808300000000003,
          'period_s_to_n_0_flux': 1.5923,
          'period_s_to_n_0_lsstg_flux': 1.395,
          'period_s_to_n_0_lssti_flux': 1.8582,
          'period_s_to_n_0_lsstr_flux': 1.5238,
          'ra': nan,
          'redshift': 0.3552,
          'reference_time': 2461001.4027,
          'reference_time_error': 0.7389,
          'rise_slope_lsstg': 182.00490000000002,
          'rise_slope_lssti': 227.26700000000002,
          'rise_slope_lsstr': 295.7968,
          'rise_slopesig_lsstg': 5.3239,
          'rise_slopesig_lssti': 7.6893,
          'rise_slopesig_lsstr': 13.1728,
          's1': 0.5226000000000001,
          's1_error': 0.4278,
          's2': 1.1696,
          's2_error': 0.2876,
          's3': 0.0476,
          's3_error': 0.1676,
          'skew_flux': -0.7263000000000001,
          'skew_lsstg_flux': -1.0327,
          'skew_lssti_flux': -0.2791,
          'skew_lsstr_flux': -0.8672000000000001,
          'standard_deviation_flux': 459.6662,
          'standard_deviation_lsstg_flux': 459.6662,
          'stetson_K_flux': 0.8903000000000001,
          'stetson_K_lsstg_flux': 0.8222,
          'stetson_K_lssti_flux': 0.8918,
          'stetson_K_lsstr_flux': 0.9570000000000001,
          'success': True,
          't_lc': 17.862000000000002,
          't_predetect': None,
          'tau_chidof_lsstg': 1.4040000000000001,
          'tau_chidof_lssti': 0.378,
          'tau_chidof_lsstr': 0.0006000000000000001,
          'tau_dof_lsstg': 6,
          'tau_dof_lssti': 8,
          'tau_dof_lsstr': 5,
          'tau_fall_lsstg': 0.4446,
          'tau_fall_lssti': 10.934700000000001,
          'tau_fall_lsstr': 16.6144,
          'tau_rise_lsstg': 0.4344,
          'tau_rise_lssti': 5.5539000000000005,
          'tau_rise_lsstr': 4.6628,
          'time_halfpeak_lsstg': 11.853,
          'time_halfpeak_lssti': 11.9321,
          'time_halfpeak_lsstr': 13.9536,
          'total_s2n': 96.20100000000001,
          'type': 'Unknown',
        }),
        'name': 'elasticcv2',
        'parsnip': list([
          dict({
            'classification': dict({
              'CART': 0.0007,
              'ILOT': 0.0002,
              'KN': 0.0002,
              'Mdwarf-flare': 0.0001,
              'PISN': 0.063,
              'SLSN-I': 0.0509,
              'SNII': 0.0716,
              'SNIa': 0.0709,
              'SNIa91bg': 0.0007,
              'SNIax': 0.0342,
              'SNibc': 0.7030000000000001,
              'TDE': 0.0043,
              'dwarf-nova': 0.0001,
              'uLens': 0.0002,
            }),
            'classifications': list([
              dict({
                'classification': dict({
                  'CART': 0.0007,
                  'ILOT': 0.0002,
                  'KN': 0.0002,
                  'Mdwarf-flare': 0.0001,
                  'PISN': 0.063,
                  'SLSN-I': 0.0509,
                  'SNII': 0.0716,
                  'SNIa': 0.0709,
                  'SNIa91bg': 0.0007,
                  'SNIax': 0.0342,
                  'SNibc': 0.7030000000000001,
                  'TDE': 0.0043,
                  'dwarf-nova': 0.0001,
                  'uLens': 0.0002,
                }),
                'z': 0.3552,
              }),
            ]),
            'marginal_lc_classifications': dict({
              'CART': 0.0007,
              'ILOT': 0.0002,
              'KN': 0.0002,
              'Mdwarf-flare': 0.0001,
              'PISN': 0.063,
              'SLSN-I': 0.0509,
              'SNII': 0.0716,
              'SNIa': 0.0709,
              'SNIa91bg': 0.0007,
              'SNIax': 0.0342,
              'SNibc': 0.7030000000000001,
              'TDE': 0.0043,
              'dwarf-nova': 0.0001,
              'uLens': 0.0002,
            }),
            'model': 'sn+2ulens+dwarfs',
            'plot': None,
            'prediction': dict({
              'amplitude': 37.346000000000004,
              'amplitude_error': 0.4171,
              'chi2pdf': 0.0006000000000000001,
              'color': -0.0304,
              'color_error': 0.0426,
              'count': 21,
              'count_s2n_3': 21,
              'count_s2n_3_fall': 3,
              'count_s2n_3_post': 0,
              'count_s2n_3_pre': 0,
              'count_s2n_3_rise': 18,
              'count_s2n_5': 20,
              'dec': nan,
              'luminosity': -17.8796,
              'luminosity_error': 0.012100000000000001,
              'model_chisq': 35.7093,
              'model_dof': 15,
              'parsnip_reference_time': 2460998.6806,
              'parsnip_scale': 6755.6924,
              'ra': nan,
              'redshift': 0.3552,
              'reference_time': 2461001.4027,
              'reference_time_error': 0.7389,
              's1': 0.5226000000000001,
              's1_error': 0.4278,
              's2': 1.1696,
              's2_error': 0.2876,
              's3': 0.0476,
              's3_error': 0.1676,
              'total_s2n': 96.20100000000001,
              'type': 'Unknown',
            }),
            'predictions': list([
              dict({
                'prediction': dict({
                  'amplitude': 37.346000000000004,
                  'amplitude_error': 0.4171,
                  'chi2pdf': 0.0006000000000000001,
                  'color': -0.0304,
                  'color_error': 0.0426,
                  'count': 21,
                  'count_s2n_3': 21,
                  'count_s2n_3_fall': 3,
                  'count_s2n_3_post': 0,
                  'count_s2n_3_pre': 0,
                  'count_s2n_3_rise': 18,
                  'count_s2n_5': 20,
                  'dec': nan,
                  'luminosity': -17.8796,
                  'luminosity_error': 0.012100000000000001,
                  'model_chisq': 35.7093,
                  'model_dof': 15,
                  'parsnip_reference_time': 2460998.6806,
                  'parsnip_scale': 6755.6924,
                  'ra': nan,
                  'redshift': 0.3552,
                  'reference_time': 2461001.4027,
                  'reference_time_error': 0.7389,
                  's1': 0.5226000000000001,
                  's1_error': 0.4278,
                  's2': 1.1696,
                  's2_error': 0.2876,
                  's3': 0.0476,
                  's3_error': 0.1676,
                  'total_s2n': 96.20100000000001,
                  'type': 'Unknown',
                }),
                'z': 0.3552,
              }),
            ]),
            'z_at_minchi': 0.3552,
          }),
        ]),
        'version': '0.1',
        'xgbbinary': dict({
        }),
        'xgbmulti': dict({
        }),
      }),
    ]),
    'fitdatainfo': dict({
      'jdend': inf,
      'jdstart': -inf,
      'z': list([
        0.3552,
      ]),
      'z_source': 'AMPELz_group3',
      'z_weights': None,
    }),
    'risedeclinefeatures': dict({
      'ampel_dist': 0.3627,
      'amplitude': 37.346000000000004,
      'amplitude_error': 0.4171,
      'anderson_darling_normal_flux': 0.4117,
      'anderson_darling_normal_lsstg_flux': 0.5524,
      'anderson_darling_normal_lssti_flux': 0.2792,
      'anderson_darling_normal_lsstr_flux': 0.40340000000000004,
      'band_det_id': 4,
      'band_last_id': 8,
      'bool_fall': False,
      'bool_fastfall': None,
      'bool_fastrise': None,
      'bool_hasgaps': False,
      'bool_peaked': False,
      'bool_pure': False,
      'bool_rise': True,
      'chi2pdf': 0.0006000000000000001,
      'color': -0.0304,
      'color_error': 0.0426,
      'count': 21,
      'count_s2n_3': 21,
      'count_s2n_3_fall': 3,
      'count_s2n_3_post': 0,
      'count_s2n_3_pre': 0,
      'count_s2n_3_rise': 18,
      'count_s2n_5': 20,
      'dec': nan,
      'det_bands': 12,
      'eta_flux': 0.5654,
      'eta_lsstg_flux': 0.5937,
      'eta_lssti_flux': 0.4353,
      'eta_lsstr_flux': 0.6673,
      'excess_variance_flux': 0.0723,
      'excess_variance_lsstg_flux': 0.017,
      'excess_variance_lssti_flux': 0.0555,
      'excess_variance_lsstr_flux': 0.1443,
      'fall_slope_lsstg': -14.0143,
      'fall_slope_lssti': -6.859100000000001,
      'fall_slope_lsstr': -93.8315,
      'fall_slopesig_lsstg': -0.606,
      'fall_slopesig_lssti': -0.039,
      'fall_slopesig_lsstr': -1.1777,
      'frac_pos': 1.0,
      'jd_det': 2460984.7152,
      'jd_last': 2461002.5772,
      'jd_min': 2460998.7227000003,
      'jd_peak_lsstg': 2460994.5838,
      'jd_peak_lssti': 2460999.6142,
      'jd_peak_lsstr': 2460998.7231,
      'jd_peak_lsstz': 2460988.7496,
      'kurtosis_flux': -1.3264,
      'kurtosis_lsstg_flux': -0.9097000000000001,
      'kurtosis_lssti_flux': -1.3722,
      'kurtosis_lsstr_flux': -1.6974,
      'last_bands': 14,
      'linear_fit_reduced_chi2_flux': 5.3459,
      'linear_fit_reduced_chi2_lsstg_flux': 6.294700000000001,
      'linear_fit_reduced_chi2_lssti_flux': 1.0281,
      'linear_fit_reduced_chi2_lsstr_flux': 8.715,
      'linear_fit_slope_flux': 50.588300000000004,
      'linear_fit_slope_lsstg_flux': 50.588300000000004,
      'lsstg-lsstr_last': 0.6249,
      'lsstr-lssti_det': 0.2444,
      'lsstr-lssti_last': -0.060200000000000004,
      'luminosity': -17.8796,
      'luminosity_error': 0.012100000000000001,
      'mag_det': 19.0561,
      'mag_last': 17.9856,
      'mag_min': 17.925800000000002,
      'model_chisq': 35.7093,
      'model_dof': 15,
      'ndet': 20,
      'parsnip_modelchidof': 2.3806000000000003,
      'parsnip_reference_time': 2460998.6806,
      'parsnip_scale': 6755.6924,
      'period_0_flux': 21.5288,
      'period_0_lsstg_flux': 9.4824,
      'period_0_lssti_flux': 30.2956,
      'period_0_lsstr_flux': 24.808300000000003,
      'period_s_to_n_0_flux': 1.5923,
      'period_s_to_n_0_lsstg_flux': 1.395,
      'period_s_to_n_0_lssti_flux': 1.8582,
      'period_s_to_n_0_lsstr_flux': 1.5238,
      'ra': nan,
      'redshift': 0.3552,
      'reference_time': 2461001.4027,
      'reference_time_error': 0.7389,
      'rise_slope_lsstg': 182.00490000000002,
      'rise_slope_lssti': 227.26700000000002,
      'rise_slope_lsstr': 295.7968,
      'rise_slopesig_lsstg': 5.3239,
      'rise_slopesig_lssti': 7.6893,
      'rise_slopesig_lsstr': 13.1728,
      's1': 0.5226000000000001,
      's1_error': 0.4278,
      's2': 1.1696,
      's2_error': 0.2876,
      's3': 0.0476,
      's3_error': 0.1676,
      'skew_flux': -0.7263000000000001,
      'skew_lsstg_flux': -1.0327,
      'skew_lssti_flux': -0.2791,
      'skew_lsstr_flux': -0.8672000000000001,
      'standard_deviation_flux': 459.6662,
      'standard_deviation_lsstg_flux': 459.6662,
      'stetson_K_flux': 0.8903000000000001,
      'stetson_K_lsstg_flux': 0.8222,
      'stetson_K_lssti_flux': 0.8918,
      'stetson_K_lsstr_flux': 0.9570000000000001,
      'success': True,
      't_lc': 17.862000000000002,
      't_predetect': None,
      'tau_chidof_lsstg': 1.4040000000000001,
      'tau_chidof_lssti': 0.378,
      'tau_chidof_lsstr': 0.0006000000000000001,
      'tau_dof_lsstg': 6,
      'tau_dof_lssti': 8,
      'tau_dof_lsstr': 5,
      'tau_fall_lsstg': 0.4446,
      'tau_fall_lssti': 10.934700000000001,
      'tau_fall_lsstr': 16.6144,
      'tau_rise_lsstg': 0.4344,
      'tau_rise_lssti': 5.5539000000000005,
      'tau_rise_lsstr': 4.6628,
      'time_halfpeak_lsstg': 11.853,
      'time_halfpeak_lssti': 11.9321,
      'time_halfpeak_lsstr': 13.9536,
      'total_s2n': 96.20100000000001,
      'type': 'Unknown',
    }),
  })
# ---
